// Jest Snapshot v1, https://goo.gl/fbAQLP

exports[`ChatBox.vue has the expected html structure 1`] = `
<div
  class="chat-box"
>
  <b-card
    no-body=""
  >
    <b-card-body
      class="scrollable"
    />
     
    <b-card-footer>
      <b-row>
        <b-col
          sm="9"
        >
          <b-form-input
            placeholder="Enter your message"
            type="text"
          />
        </b-col>
         
        <b-col
          sm="3"
        >
          <b-button>
            Send
          </b-button>
        </b-col>
      </b-row>
    </b-card-footer>
  </b-card>
   
  <b-alert
    dismissible=""
    variant="danger"
  >
    
    You must login to continue!
  
  </b-alert>
</div>
`;
