// Jest Snapshot v1, https://goo.gl/fbAQLP

exports[`EditCalendar.vue has the expected html structure 1`] = `
<div
  class="edit-calendar"
>
  <!---->
</div>
`;
