// Jest Snapshot v1, https://goo.gl/fbAQLP

exports[`NewEvent.vue has the expected html structure 1`] = `
<b-container
  class="new-event"
>
  <b-row
    align-h="center"
  >
    <b-col
      cols="8"
    >
      <b-card>
        <h1
          style="text-align: center;"
        >
           Create a new event!
        </h1>
         
        <br />
         
        <b-form-group
          id=""
          label="Event Name:"
          label-for="eventNameForm"
        >
          <b-form-input
            id="eventNameForm"
            required=""
            type="text"
          />
        </b-form-group>
         
        <b-form-group
          id=""
          label="Event Description:"
          label-for="eventDescriptionForm"
        >
          <b-form-input
            id="eventDescriptionForm"
            type="text"
          />
        </b-form-group>
         
        <b-form-group
          id=""
          label="Possible Event Start Date:"
          label-for="eventStartDateForm"
        >
          <b-form-input
            id="eventStartDateForm"
            required=""
            type="date"
          />
        </b-form-group>
         
        <b-form-group
          id=""
          label="Possible Event End Date:"
          label-for="eventEndDateForm"
        >
          <b-form-input
            id="eventEndDateForm"
            required=""
            type="date"
          />
        </b-form-group>
         
        <b-form-group
          id=""
          label="Your Name:"
          label-for="exampleInput3"
        >
          <b-form-input
            id="exampleInput3"
            type="text"
          />
        </b-form-group>
         
        <b-form-group
          id=""
          label="Email:"
          label-for="exampleInput4"
        >
          <b-form-input
            id="exampleInput4"
            type="email"
          />
        </b-form-group>
         
        <b-button
          variant="primary"
        >
          Submit
        </b-button>
         
        <b-button
          variant="danger"
        >
          Reset
        </b-button>
      </b-card>
    </b-col>
  </b-row>
</b-container>
`;
